<?xml version="1.0" encoding="ISO-8859-1" ?>
<link_info>
   <banner>TI ARM Linker PC v20.2.4.LTS</banner>
   <copyright>Copyright (c) 1996-2018 Texas Instruments Incorporated</copyright>
   <link_time>0x66991326</link_time>
   <link_errors>0x0</link_errors>
   <output_file>CGUartProject.out</output_file>
   <entry_point>
      <name>_c_int00</name>
      <address>0x20dc</address>
   </entry_point>
   <input_file_list>
      <input_file id="fl-2">
         <path>.\source\</path>
         <kind>object</kind>
         <file>adc.obj</file>
         <name>adc.obj</name>
      </input_file>
      <input_file id="fl-3">
         <path>.\source\</path>
         <kind>object</kind>
         <file>esm.obj</file>
         <name>esm.obj</name>
      </input_file>
      <input_file id="fl-4">
         <path>.\source\</path>
         <kind>object</kind>
         <file>gio.obj</file>
         <name>gio.obj</name>
      </input_file>
      <input_file id="fl-5">
         <path>.\source\</path>
         <kind>object</kind>
         <file>notification.obj</file>
         <name>notification.obj</name>
      </input_file>
      <input_file id="fl-6">
         <path>.\source\</path>
         <kind>object</kind>
         <file>rti.obj</file>
         <name>rti.obj</name>
      </input_file>
      <input_file id="fl-7">
         <path>.\source\</path>
         <kind>object</kind>
         <file>sci.obj</file>
         <name>sci.obj</name>
      </input_file>
      <input_file id="fl-8">
         <path>.\source\</path>
         <kind>object</kind>
         <file>sys_core.obj</file>
         <name>sys_core.obj</name>
      </input_file>
      <input_file id="fl-9">
         <path>.\source\</path>
         <kind>object</kind>
         <file>sys_intvecs.obj</file>
         <name>sys_intvecs.obj</name>
      </input_file>
      <input_file id="fl-a">
         <path>.\source\</path>
         <kind>object</kind>
         <file>sys_main.obj</file>
         <name>sys_main.obj</name>
      </input_file>
      <input_file id="fl-b">
         <path>.\source\</path>
         <kind>object</kind>
         <file>sys_memory.obj</file>
         <name>sys_memory.obj</name>
      </input_file>
      <input_file id="fl-c">
         <path>.\source\</path>
         <kind>object</kind>
         <file>sys_mpu.obj</file>
         <name>sys_mpu.obj</name>
      </input_file>
      <input_file id="fl-d">
         <path>.\source\</path>
         <kind>object</kind>
         <file>sys_phantom.obj</file>
         <name>sys_phantom.obj</name>
      </input_file>
      <input_file id="fl-e">
         <path>.\source\</path>
         <kind>object</kind>
         <file>sys_pmu.obj</file>
         <name>sys_pmu.obj</name>
      </input_file>
      <input_file id="fl-f">
         <path>.\source\</path>
         <kind>object</kind>
         <file>sys_startup.obj</file>
         <name>sys_startup.obj</name>
      </input_file>
      <input_file id="fl-10">
         <path>.\source\</path>
         <kind>object</kind>
         <file>system.obj</file>
         <name>system.obj</name>
      </input_file>
      <input_file id="fl-14">
         <kind>object</kind>
         <file>&lt;internal&gt;</file>
         <name>&lt;internal&gt;</name>
      </input_file>
      <input_file id="fl-15">
         <path>C:\ti\ccs1030\ccs\tools\compiler\ti-cgt-arm_20.2.4.LTS\lib\</path>
         <kind>archive</kind>
         <file>rtsv7R4_T_be_v3D16_eabi.lib</file>
         <name>e_log.c.obj</name>
      </input_file>
      <input_file id="fl-16">
         <path>C:\ti\ccs1030\ccs\tools\compiler\ti-cgt-arm_20.2.4.LTS\lib\</path>
         <kind>archive</kind>
         <file>rtsv7R4_T_be_v3D16_eabi.lib</file>
         <name>memcpy_t2.asm.obj</name>
      </input_file>
      <input_file id="fl-17">
         <path>C:\ti\ccs1030\ccs\tools\compiler\ti-cgt-arm_20.2.4.LTS\lib\</path>
         <kind>archive</kind>
         <file>rtsv7R4_T_be_v3D16_eabi.lib</file>
         <name>autoinit.c.obj</name>
      </input_file>
      <input_file id="fl-18">
         <path>C:\ti\ccs1030\ccs\tools\compiler\ti-cgt-arm_20.2.4.LTS\lib\</path>
         <kind>archive</kind>
         <file>rtsv7R4_T_be_v3D16_eabi.lib</file>
         <name>cpy_tbl.c.obj</name>
      </input_file>
      <input_file id="fl-19">
         <path>C:\ti\ccs1030\ccs\tools\compiler\ti-cgt-arm_20.2.4.LTS\lib\</path>
         <kind>archive</kind>
         <file>rtsv7R4_T_be_v3D16_eabi.lib</file>
         <name>copy_zero_init.c.obj</name>
      </input_file>
      <input_file id="fl-1a">
         <path>C:\ti\ccs1030\ccs\tools\compiler\ti-cgt-arm_20.2.4.LTS\lib\</path>
         <kind>archive</kind>
         <file>rtsv7R4_T_be_v3D16_eabi.lib</file>
         <name>copy_decompress_none.c.obj</name>
      </input_file>
      <input_file id="fl-1b">
         <path>C:\ti\ccs1030\ccs\tools\compiler\ti-cgt-arm_20.2.4.LTS\lib\</path>
         <kind>archive</kind>
         <file>rtsv7R4_T_be_v3D16_eabi.lib</file>
         <name>copy_decompress_lzss.c.obj</name>
      </input_file>
      <input_file id="fl-1c">
         <path>C:\ti\ccs1030\ccs\tools\compiler\ti-cgt-arm_20.2.4.LTS\lib\</path>
         <kind>archive</kind>
         <file>rtsv7R4_T_be_v3D16_eabi.lib</file>
         <name>exit.c.obj</name>
      </input_file>
      <input_file id="fl-1d">
         <path>C:\ti\ccs1030\ccs\tools\compiler\ti-cgt-arm_20.2.4.LTS\lib\</path>
         <kind>archive</kind>
         <file>rtsv7R4_T_be_v3D16_eabi.lib</file>
         <name>_lock.c.obj</name>
      </input_file>
      <input_file id="fl-1e">
         <path>C:\ti\ccs1030\ccs\tools\compiler\ti-cgt-arm_20.2.4.LTS\lib\</path>
         <kind>archive</kind>
         <file>rtsv7R4_T_be_v3D16_eabi.lib</file>
         <name>errno.c.obj</name>
      </input_file>
      <input_file id="fl-1f">
         <path>C:\ti\ccs1030\ccs\tools\compiler\ti-cgt-arm_20.2.4.LTS\lib\</path>
         <kind>archive</kind>
         <file>rtsv7R4_T_be_v3D16_eabi.lib</file>
         <name>memset_t2.asm.obj</name>
      </input_file>
   </input_file_list>
   <object_component_list>
      <object_component id="oc-42">
         <name>.intvecs</name>
         <load_address>0x0</load_address>
         <run_address>0x0</run_address>
         <size>0x20</size>
         <input_file_ref idref="fl-9"/>
      </object_component>
      <object_component id="oc-3c">
         <name>.text:retain</name>
         <load_address>0x20</load_address>
         <run_address>0x20</run_address>
         <size>0x700</size>
         <input_file_ref idref="fl-7"/>
      </object_component>
      <object_component id="oc-ef">
         <name>.text</name>
         <load_address>0x720</load_address>
         <run_address>0x720</run_address>
         <size>0x538</size>
         <input_file_ref idref="fl-7"/>
      </object_component>
      <object_component id="oc-81">
         <name>.text</name>
         <load_address>0xc58</load_address>
         <run_address>0xc58</run_address>
         <size>0x460</size>
         <input_file_ref idref="fl-a"/>
      </object_component>
      <object_component id="oc-f5">
         <name>.text</name>
         <load_address>0x10b8</load_address>
         <run_address>0x10b8</run_address>
         <size>0x440</size>
         <input_file_ref idref="fl-2"/>
      </object_component>
      <object_component id="oc-70">
         <name>.text</name>
         <load_address>0x14f8</load_address>
         <run_address>0x14f8</run_address>
         <size>0x2f4</size>
         <input_file_ref idref="fl-8"/>
      </object_component>
      <object_component id="oc-fb">
         <name>.text:log</name>
         <load_address>0x17ec</load_address>
         <run_address>0x17ec</run_address>
         <size>0x254</size>
         <input_file_ref idref="fl-15"/>
      </object_component>
      <object_component id="oc-36">
         <name>.text:retain</name>
         <load_address>0x1a40</load_address>
         <run_address>0x1a40</run_address>
         <size>0x1fc</size>
         <input_file_ref idref="fl-6"/>
      </object_component>
      <object_component id="oc-75">
         <name>.text</name>
         <load_address>0x1c3c</load_address>
         <run_address>0x1c3c</run_address>
         <size>0x1f0</size>
         <input_file_ref idref="fl-10"/>
      </object_component>
      <object_component id="oc-21">
         <name>.text:retain</name>
         <load_address>0x1e2c</load_address>
         <run_address>0x1e2c</run_address>
         <size>0x1e8</size>
         <input_file_ref idref="fl-2"/>
      </object_component>
      <object_component id="oc-30">
         <name>.text:retain</name>
         <load_address>0x2014</load_address>
         <run_address>0x2014</run_address>
         <size>0xc8</size>
         <input_file_ref idref="fl-4"/>
      </object_component>
      <object_component id="oc-1b">
         <name>.text:retain</name>
         <load_address>0x20dc</load_address>
         <run_address>0x20dc</run_address>
         <size>0xb0</size>
         <input_file_ref idref="fl-f"/>
      </object_component>
      <object_component id="oc-2a">
         <name>.text:retain</name>
         <load_address>0x218c</load_address>
         <run_address>0x218c</run_address>
         <size>0xac</size>
         <input_file_ref idref="fl-3"/>
      </object_component>
      <object_component id="oc-58">
         <name>.text</name>
         <load_address>0x2238</load_address>
         <run_address>0x2238</run_address>
         <size>0x9c</size>
         <input_file_ref idref="fl-16"/>
      </object_component>
      <object_component id="oc-e">
         <name>.text:decompress:lzss:__TI_decompress_lzss</name>
         <load_address>0x22d4</load_address>
         <run_address>0x22d4</run_address>
         <size>0x6c</size>
         <input_file_ref idref="fl-1b"/>
      </object_component>
      <object_component id="oc-8e">
         <name>.text</name>
         <load_address>0x2340</load_address>
         <run_address>0x2340</run_address>
         <size>0x68</size>
         <input_file_ref idref="fl-5"/>
      </object_component>
      <object_component id="oc-bf">
         <name>.text:__TI_auto_init_nobinit_nopinit:__TI_auto_init_nobinit_nopinit</name>
         <load_address>0x23a8</load_address>
         <run_address>0x23a8</run_address>
         <size>0x44</size>
         <input_file_ref idref="fl-17"/>
      </object_component>
      <object_component id="oc-7b">
         <name>.text</name>
         <load_address>0x23ec</load_address>
         <run_address>0x23ec</run_address>
         <size>0x34</size>
         <input_file_ref idref="fl-b"/>
      </object_component>
      <object_component id="oc-64">
         <name>.text:decompress:ZI:__TI_zero_init_nomemset:__TI_zero_init_nomemset</name>
         <load_address>0x2420</load_address>
         <run_address>0x2420</run_address>
         <size>0x1c</size>
         <input_file_ref idref="fl-19"/>
      </object_component>
      <object_component id="oc-14">
         <name>.text:decompress:none:__TI_decompress_none</name>
         <load_address>0x243c</load_address>
         <run_address>0x243c</run_address>
         <size>0xe</size>
         <input_file_ref idref="fl-1a"/>
      </object_component>
      <object_component id="oc-181">
         <name>.text:__aeabi_errno_addr</name>
         <load_address>0x244c</load_address>
         <run_address>0x244c</run_address>
         <size>0x8</size>
         <input_file_ref idref="fl-1e"/>
      </object_component>
      <object_component id="oc-11a">
         <name>.text:abort:abort</name>
         <load_address>0x2454</load_address>
         <run_address>0x2454</run_address>
         <size>0x4</size>
         <input_file_ref idref="fl-1c"/>
      </object_component>
      <object_component id="oc-47">
         <name>.text:retain</name>
         <load_address>0x2458</load_address>
         <run_address>0x2458</run_address>
         <size>0x4</size>
         <input_file_ref idref="fl-d"/>
      </object_component>
      <object_component id="oc-27">
         <name>.const:s_vim_init</name>
         <load_address>0x245c</load_address>
         <run_address>0x245c</run_address>
         <size>0x100</size>
         <input_file_ref idref="fl-f"/>
      </object_component>
      <object_component id="oc-179">
         <name>.const:s_adcFiFoSize</name>
         <load_address>0x255c</load_address>
         <run_address>0x255c</run_address>
         <size>0x18</size>
         <input_file_ref idref="fl-2"/>
      </object_component>
      <object_component id="oc-17c">
         <name>.const:s_adcSelect</name>
         <load_address>0x2574</load_address>
         <run_address>0x2574</run_address>
         <size>0x18</size>
         <input_file_ref idref="fl-2"/>
      </object_component>
      <object_component id="oc-107">
         <name>.const:$P$T0$1</name>
         <load_address>0x258c</load_address>
         <run_address>0x258c</run_address>
         <size>0xc</size>
         <input_file_ref idref="fl-a"/>
      </object_component>
      <object_component id="oc-234">
         <name>__TI_handler_table</name>
         <load_address>0x2598</load_address>
         <run_address>0x2598</run_address>
         <size>0xc</size>
      </object_component>
      <object_component id="oc-236">
         <name>.cinit..bss.load</name>
         <load_address>0x25a8</load_address>
         <run_address>0x25a8</run_address>
         <size>0x8</size>
      </object_component>
      <object_component id="oc-237">
         <name>.cinit..data.load</name>
         <load_address>0x25b0</load_address>
         <run_address>0x25b0</run_address>
         <size>0x7</size>
      </object_component>
      <object_component id="oc-235">
         <name>__TI_cinit_table</name>
         <load_address>0x25b8</load_address>
         <run_address>0x25b8</run_address>
         <size>0x10</size>
      </object_component>
      <object_component id="oc-9b">
         <name>.bss:g_sciTransfer_t</name>
         <uninitialized>true</uninitialized>
         <run_address>0x8001500</run_address>
         <size>0x18</size>
         <input_file_ref idref="fl-7"/>
      </object_component>
      <object_component id="oc-10c">
         <name>.common:adc_data</name>
         <uninitialized>true</uninitialized>
         <run_address>0x8001518</run_address>
         <size>0x10</size>
      </object_component>
      <object_component id="oc-101">
         <name>.common:rcvdData</name>
         <uninitialized>true</uninitialized>
         <run_address>0x8001534</run_address>
         <size>0x4</size>
      </object_component>
      <object_component id="oc-10d">
         <name>.common:fTemperature</name>
         <uninitialized>true</uninitialized>
         <run_address>0x800152c</run_address>
         <size>0x4</size>
      </object_component>
      <object_component id="oc-10e">
         <name>.common:fLight</name>
         <uninitialized>true</uninitialized>
         <run_address>0x8001528</run_address>
         <size>0x4</size>
      </object_component>
      <object_component id="oc-10a">
         <name>.common:temperature</name>
         <uninitialized>true</uninitialized>
         <run_address>0x8001538</run_address>
         <size>0x4</size>
      </object_component>
      <object_component id="oc-10b">
         <name>.common:light</name>
         <uninitialized>true</uninitialized>
         <run_address>0x8001530</run_address>
         <size>0x4</size>
      </object_component>
      <object_component id="oc-105">
         <name>.common:request</name>
         <uninitialized>true</uninitialized>
         <run_address>0x800153e</run_address>
         <size>0x2</size>
      </object_component>
      <object_component id="oc-106">
         <name>.common:msgNum</name>
         <uninitialized>true</uninitialized>
         <run_address>0x800153c</run_address>
         <size>0x2</size>
      </object_component>
      <object_component id="oc-104">
         <name>.common:isMessageRcvd</name>
         <uninitialized>true</uninitialized>
         <run_address>0x8001540</run_address>
         <size>0x1</size>
      </object_component>
      <object_component id="oc-1e2">
         <name>.data</name>
         <load_address>0x8001544</load_address>
         <run_address>0x8001544</run_address>
         <size>0x4</size>
         <input_file_ref idref="fl-1e"/>
      </object_component>
      <object_component id="oc-180">
         <name>.debug_info</name>
         <load_address>0x0</load_address>
         <run_address>0x0</run_address>
         <size>0x2e1</size>
         <input_file_ref idref="fl-2"/>
      </object_component>
      <object_component id="oc-17d">
         <name>.debug_info</name>
         <load_address>0x2e1</load_address>
         <run_address>0x2e1</run_address>
         <size>0xd6</size>
         <input_file_ref idref="fl-2"/>
      </object_component>
      <object_component id="oc-17a">
         <name>.debug_info</name>
         <load_address>0x3b7</load_address>
         <run_address>0x3b7</run_address>
         <size>0xdb</size>
         <input_file_ref idref="fl-2"/>
      </object_component>
      <object_component id="oc-f6">
         <name>.debug_info</name>
         <load_address>0x492</load_address>
         <run_address>0x492</run_address>
         <size>0x744</size>
         <input_file_ref idref="fl-2"/>
      </object_component>
      <object_component id="oc-24">
         <name>.debug_info</name>
         <load_address>0xbd6</load_address>
         <run_address>0xbd6</run_address>
         <size>0x3b2</size>
         <input_file_ref idref="fl-2"/>
      </object_component>
      <object_component id="oc-18f">
         <name>.debug_info</name>
         <load_address>0xf88</load_address>
         <run_address>0xf88</run_address>
         <size>0x60e</size>
         <input_file_ref idref="fl-2"/>
      </object_component>
      <object_component id="oc-12f">
         <name>.debug_info</name>
         <load_address>0x1596</load_address>
         <run_address>0x1596</run_address>
         <size>0x26b</size>
         <input_file_ref idref="fl-2"/>
      </object_component>
      <object_component id="oc-53">
         <name>.debug_info</name>
         <load_address>0x1801</load_address>
         <run_address>0x1801</run_address>
         <size>0x84</size>
         <input_file_ref idref="fl-2"/>
      </object_component>
      <object_component id="oc-1af">
         <name>.debug_info</name>
         <load_address>0x1885</load_address>
         <run_address>0x1885</run_address>
         <size>0x2a4</size>
         <input_file_ref idref="fl-2"/>
      </object_component>
      <object_component id="oc-110">
         <name>.debug_info</name>
         <load_address>0x1b29</load_address>
         <run_address>0x1b29</run_address>
         <size>0xbb</size>
         <input_file_ref idref="fl-2"/>
      </object_component>
      <object_component id="oc-89">
         <name>.debug_info</name>
         <load_address>0x1be4</load_address>
         <run_address>0x1be4</run_address>
         <size>0xbb</size>
         <input_file_ref idref="fl-2"/>
      </object_component>
      <object_component id="oc-199">
         <name>.debug_info</name>
         <load_address>0x1c9f</load_address>
         <run_address>0x1c9f</run_address>
         <size>0x12c</size>
         <input_file_ref idref="fl-2"/>
      </object_component>
      <object_component id="oc-1c0">
         <name>.debug_info</name>
         <load_address>0x1dcb</load_address>
         <run_address>0x1dcb</run_address>
         <size>0x2e9</size>
         <input_file_ref idref="fl-3"/>
      </object_component>
      <object_component id="oc-2b">
         <name>.debug_info</name>
         <load_address>0x20b4</load_address>
         <run_address>0x20b4</run_address>
         <size>0x163</size>
         <input_file_ref idref="fl-3"/>
      </object_component>
      <object_component id="oc-134">
         <name>.debug_info</name>
         <load_address>0x2217</load_address>
         <run_address>0x2217</run_address>
         <size>0x152</size>
         <input_file_ref idref="fl-3"/>
      </object_component>
      <object_component id="oc-1c1">
         <name>.debug_info</name>
         <load_address>0x2369</load_address>
         <run_address>0x2369</run_address>
         <size>0x29c</size>
         <input_file_ref idref="fl-4"/>
      </object_component>
      <object_component id="oc-32">
         <name>.debug_info</name>
         <load_address>0x2605</load_address>
         <run_address>0x2605</run_address>
         <size>0x1e8</size>
         <input_file_ref idref="fl-4"/>
      </object_component>
      <object_component id="oc-13e">
         <name>.debug_info</name>
         <load_address>0x27ed</load_address>
         <run_address>0x27ed</run_address>
         <size>0x1d1</size>
         <input_file_ref idref="fl-4"/>
      </object_component>
      <object_component id="oc-127">
         <name>.debug_info</name>
         <load_address>0x29be</load_address>
         <run_address>0x29be</run_address>
         <size>0x2e3</size>
         <input_file_ref idref="fl-5"/>
      </object_component>
      <object_component id="oc-90">
         <name>.debug_info</name>
         <load_address>0x2ca1</load_address>
         <run_address>0x2ca1</run_address>
         <size>0x4bf</size>
         <input_file_ref idref="fl-5"/>
      </object_component>
      <object_component id="oc-194">
         <name>.debug_info</name>
         <load_address>0x3160</load_address>
         <run_address>0x3160</run_address>
         <size>0x20a</size>
         <input_file_ref idref="fl-5"/>
      </object_component>
      <object_component id="oc-1a8">
         <name>.debug_info</name>
         <load_address>0x336a</load_address>
         <run_address>0x336a</run_address>
         <size>0x243</size>
         <input_file_ref idref="fl-5"/>
      </object_component>
      <object_component id="oc-37">
         <name>.debug_info</name>
         <load_address>0x35ad</load_address>
         <run_address>0x35ad</run_address>
         <size>0x443</size>
         <input_file_ref idref="fl-6"/>
      </object_component>
      <object_component id="oc-159">
         <name>.debug_info</name>
         <load_address>0x39f0</load_address>
         <run_address>0x39f0</run_address>
         <size>0x2cd</size>
         <input_file_ref idref="fl-7"/>
      </object_component>
      <object_component id="oc-9c">
         <name>.debug_info</name>
         <load_address>0x3cbd</load_address>
         <run_address>0x3cbd</run_address>
         <size>0xde</size>
         <input_file_ref idref="fl-7"/>
      </object_component>
      <object_component id="oc-f2">
         <name>.debug_info</name>
         <load_address>0x3d9b</load_address>
         <run_address>0x3d9b</run_address>
         <size>0x843</size>
         <input_file_ref idref="fl-7"/>
      </object_component>
      <object_component id="oc-3d">
         <name>.debug_info</name>
         <load_address>0x45de</load_address>
         <run_address>0x45de</run_address>
         <size>0x5d0</size>
         <input_file_ref idref="fl-7"/>
      </object_component>
      <object_component id="oc-1c4">
         <name>.debug_info</name>
         <load_address>0x4bae</load_address>
         <run_address>0x4bae</run_address>
         <size>0x69</size>
         <input_file_ref idref="fl-7"/>
      </object_component>
      <object_component id="oc-71">
         <name>.debug_info</name>
         <load_address>0x4c17</load_address>
         <run_address>0x4c17</run_address>
         <size>0x73a</size>
         <input_file_ref idref="fl-8"/>
      </object_component>
      <object_component id="oc-43">
         <name>.debug_info</name>
         <load_address>0x5351</load_address>
         <run_address>0x5351</run_address>
         <size>0xfb</size>
         <input_file_ref idref="fl-9"/>
      </object_component>
      <object_component id="oc-102">
         <name>.debug_info</name>
         <load_address>0x544c</load_address>
         <run_address>0x544c</run_address>
         <size>0x5f3</size>
         <input_file_ref idref="fl-a"/>
      </object_component>
      <object_component id="oc-108">
         <name>.debug_info</name>
         <load_address>0x5a3f</load_address>
         <run_address>0x5a3f</run_address>
         <size>0xd4</size>
         <input_file_ref idref="fl-a"/>
      </object_component>
      <object_component id="oc-83">
         <name>.debug_info</name>
         <load_address>0x5b13</load_address>
         <run_address>0x5b13</run_address>
         <size>0x620</size>
         <input_file_ref idref="fl-a"/>
      </object_component>
      <object_component id="oc-115">
         <name>.debug_info</name>
         <load_address>0x6133</load_address>
         <run_address>0x6133</run_address>
         <size>0x1cb</size>
         <input_file_ref idref="fl-a"/>
      </object_component>
      <object_component id="oc-161">
         <name>.debug_info</name>
         <load_address>0x62fe</load_address>
         <run_address>0x62fe</run_address>
         <size>0x2c</size>
         <input_file_ref idref="fl-a"/>
      </object_component>
      <object_component id="oc-139">
         <name>.debug_info</name>
         <load_address>0x632a</load_address>
         <run_address>0x632a</run_address>
         <size>0x49e</size>
         <input_file_ref idref="fl-a"/>
      </object_component>
      <object_component id="oc-19e">
         <name>.debug_info</name>
         <load_address>0x67c8</load_address>
         <run_address>0x67c8</run_address>
         <size>0x323</size>
         <input_file_ref idref="fl-a"/>
      </object_component>
      <object_component id="oc-1a3">
         <name>.debug_info</name>
         <load_address>0x6aeb</load_address>
         <run_address>0x6aeb</run_address>
         <size>0x259</size>
         <input_file_ref idref="fl-a"/>
      </object_component>
      <object_component id="oc-143">
         <name>.debug_info</name>
         <load_address>0x6d44</load_address>
         <run_address>0x6d44</run_address>
         <size>0x2af</size>
         <input_file_ref idref="fl-a"/>
      </object_component>
      <object_component id="oc-148">
         <name>.debug_info</name>
         <load_address>0x6ff3</load_address>
         <run_address>0x6ff3</run_address>
         <size>0x6ca</size>
         <input_file_ref idref="fl-a"/>
      </object_component>
      <object_component id="oc-7e">
         <name>.debug_info</name>
         <load_address>0x76bd</load_address>
         <run_address>0x76bd</run_address>
         <size>0xef</size>
         <input_file_ref idref="fl-b"/>
      </object_component>
      <object_component id="oc-48">
         <name>.debug_info</name>
         <load_address>0x77ac</load_address>
         <run_address>0x77ac</run_address>
         <size>0x130</size>
         <input_file_ref idref="fl-d"/>
      </object_component>
      <object_component id="oc-97">
         <name>.debug_info</name>
         <load_address>0x78dc</load_address>
         <run_address>0x78dc</run_address>
         <size>0x542</size>
         <input_file_ref idref="fl-f"/>
      </object_component>
      <object_component id="oc-28">
         <name>.debug_info</name>
         <load_address>0x7e1e</load_address>
         <run_address>0x7e1e</run_address>
         <size>0xdc</size>
         <input_file_ref idref="fl-f"/>
      </object_component>
      <object_component id="oc-1d">
         <name>.debug_info</name>
         <load_address>0x7efa</load_address>
         <run_address>0x7efa</run_address>
         <size>0x1da</size>
         <input_file_ref idref="fl-f"/>
      </object_component>
      <object_component id="oc-12a">
         <name>.debug_info</name>
         <load_address>0x80d4</load_address>
         <run_address>0x80d4</run_address>
         <size>0x2c</size>
         <input_file_ref idref="fl-f"/>
      </object_component>
      <object_component id="oc-152">
         <name>.debug_info</name>
         <load_address>0x8100</load_address>
         <run_address>0x8100</run_address>
         <size>0x5c</size>
         <input_file_ref idref="fl-f"/>
      </object_component>
      <object_component id="oc-14d">
         <name>.debug_info</name>
         <load_address>0x815c</load_address>
         <run_address>0x815c</run_address>
         <size>0x2cf</size>
         <input_file_ref idref="fl-f"/>
      </object_component>
      <object_component id="oc-77">
         <name>.debug_info</name>
         <load_address>0x842b</load_address>
         <run_address>0x842b</run_address>
         <size>0x19a</size>
         <input_file_ref idref="fl-10"/>
      </object_component>
      <object_component id="oc-fd">
         <name>.debug_info</name>
         <load_address>0x85c5</load_address>
         <run_address>0x85c5</run_address>
         <size>0x1ed</size>
         <input_file_ref idref="fl-15"/>
      </object_component>
      <object_component id="oc-1e7">
         <name>.debug_info</name>
         <load_address>0x87b2</load_address>
         <run_address>0x87b2</run_address>
         <size>0x46</size>
         <input_file_ref idref="fl-15"/>
      </object_component>
      <object_component id="oc-188">
         <name>.debug_info</name>
         <load_address>0x87f8</load_address>
         <run_address>0x87f8</run_address>
         <size>0x39</size>
         <input_file_ref idref="fl-15"/>
      </object_component>
      <object_component id="oc-5b">
         <name>.debug_info</name>
         <load_address>0x8831</load_address>
         <run_address>0x8831</run_address>
         <size>0x119</size>
         <input_file_ref idref="fl-16"/>
      </object_component>
      <object_component id="oc-16a">
         <name>.debug_info</name>
         <load_address>0x894a</load_address>
         <run_address>0x894a</run_address>
         <size>0x4b3</size>
         <input_file_ref idref="fl-17"/>
      </object_component>
      <object_component id="oc-c3">
         <name>.debug_info</name>
         <load_address>0x8dfd</load_address>
         <run_address>0x8dfd</run_address>
         <size>0x1a6</size>
         <input_file_ref idref="fl-17"/>
      </object_component>
      <object_component id="oc-1cb">
         <name>.debug_info</name>
         <load_address>0x8fa3</load_address>
         <run_address>0x8fa3</run_address>
         <size>0x39</size>
         <input_file_ref idref="fl-17"/>
      </object_component>
      <object_component id="oc-1fe">
         <name>.debug_info</name>
         <load_address>0x8fdc</load_address>
         <run_address>0x8fdc</run_address>
         <size>0x39</size>
         <input_file_ref idref="fl-17"/>
      </object_component>
      <object_component id="oc-1d0">
         <name>.debug_info</name>
         <load_address>0x9015</load_address>
         <run_address>0x9015</run_address>
         <size>0x39</size>
         <input_file_ref idref="fl-17"/>
      </object_component>
      <object_component id="oc-1d5">
         <name>.debug_info</name>
         <load_address>0x904e</load_address>
         <run_address>0x904e</run_address>
         <size>0xcd</size>
         <input_file_ref idref="fl-17"/>
      </object_component>
      <object_component id="oc-b5">
         <name>.debug_info</name>
         <load_address>0x911b</load_address>
         <run_address>0x911b</run_address>
         <size>0x2d4</size>
         <input_file_ref idref="fl-19"/>
      </object_component>
      <object_component id="oc-67">
         <name>.debug_info</name>
         <load_address>0x93ef</load_address>
         <run_address>0x93ef</run_address>
         <size>0x1d2</size>
         <input_file_ref idref="fl-19"/>
      </object_component>
      <object_component id="oc-b0">
         <name>.debug_info</name>
         <load_address>0x95c1</load_address>
         <run_address>0x95c1</run_address>
         <size>0x46</size>
         <input_file_ref idref="fl-19"/>
      </object_component>
      <object_component id="oc-63">
         <name>.debug_info</name>
         <load_address>0x9607</load_address>
         <run_address>0x9607</run_address>
         <size>0x2a3</size>
         <input_file_ref idref="fl-1a"/>
      </object_component>
      <object_component id="oc-15">
         <name>.debug_info</name>
         <load_address>0x98aa</load_address>
         <run_address>0x98aa</run_address>
         <size>0x1d5</size>
         <input_file_ref idref="fl-1a"/>
      </object_component>
      <object_component id="oc-5e">
         <name>.debug_info</name>
         <load_address>0x9a7f</load_address>
         <run_address>0x9a7f</run_address>
         <size>0x46</size>
         <input_file_ref idref="fl-1a"/>
      </object_component>
      <object_component id="oc-a8">
         <name>.debug_info</name>
         <load_address>0x9ac5</load_address>
         <run_address>0x9ac5</run_address>
         <size>0x2c</size>
         <input_file_ref idref="fl-1a"/>
      </object_component>
      <object_component id="oc-a6">
         <name>.debug_info</name>
         <load_address>0x9af1</load_address>
         <run_address>0x9af1</run_address>
         <size>0x29e</size>
         <input_file_ref idref="fl-1b"/>
      </object_component>
      <object_component id="oc-12">
         <name>.debug_info</name>
         <load_address>0x9d8f</load_address>
         <run_address>0x9d8f</run_address>
         <size>0x250</size>
         <input_file_ref idref="fl-1b"/>
      </object_component>
      <object_component id="oc-4e">
         <name>.debug_info</name>
         <load_address>0x9fdf</load_address>
         <run_address>0x9fdf</run_address>
         <size>0x60</size>
         <input_file_ref idref="fl-1b"/>
      </object_component>
      <object_component id="oc-15a">
         <name>.debug_info</name>
         <load_address>0xa03f</load_address>
         <run_address>0xa03f</run_address>
         <size>0x46</size>
         <input_file_ref idref="fl-1b"/>
      </object_component>
      <object_component id="oc-a1">
         <name>.debug_info</name>
         <load_address>0xa085</load_address>
         <run_address>0xa085</run_address>
         <size>0x39</size>
         <input_file_ref idref="fl-1b"/>
      </object_component>
      <object_component id="oc-11b">
         <name>.debug_info</name>
         <load_address>0xa0be</load_address>
         <run_address>0xa0be</run_address>
         <size>0x122</size>
         <input_file_ref idref="fl-1c"/>
      </object_component>
      <object_component id="oc-1e6">
         <name>.debug_info</name>
         <load_address>0xa1e0</load_address>
         <run_address>0xa1e0</run_address>
         <size>0x289</size>
         <input_file_ref idref="fl-1e"/>
      </object_component>
      <object_component id="oc-1e3">
         <name>.debug_info</name>
         <load_address>0xa469</load_address>
         <run_address>0xa469</run_address>
         <size>0x10e</size>
         <input_file_ref idref="fl-1e"/>
      </object_component>
      <object_component id="oc-182">
         <name>.debug_info</name>
         <load_address>0xa577</load_address>
         <run_address>0xa577</run_address>
         <size>0x14e</size>
         <input_file_ref idref="fl-1e"/>
      </object_component>
      <object_component id="oc-239">
         <name>.debug_info</name>
         <load_address>0xa6c5</load_address>
         <run_address>0xa6c5</run_address>
         <size>0x9a</size>
      </object_component>
      <object_component id="oc-1e1">
         <name>.debug_line</name>
         <load_address>0x0</load_address>
         <run_address>0x0</run_address>
         <size>0x57</size>
         <input_file_ref idref="fl-2"/>
      </object_component>
      <object_component id="oc-1df">
         <name>.debug_line</name>
         <load_address>0x57</load_address>
         <run_address>0x57</run_address>
         <size>0x33</size>
         <input_file_ref idref="fl-2"/>
      </object_component>
      <object_component id="oc-1dd">
         <name>.debug_line</name>
         <load_address>0x8a</load_address>
         <run_address>0x8a</run_address>
         <size>0x33</size>
         <input_file_ref idref="fl-2"/>
      </object_component>
      <object_component id="oc-fa">
         <name>.debug_line</name>
         <load_address>0xbd</load_address>
         <run_address>0xbd</run_address>
         <size>0x167</size>
         <input_file_ref idref="fl-2"/>
      </object_component>
      <object_component id="oc-23">
         <name>.debug_line</name>
         <load_address>0x224</load_address>
         <run_address>0x224</run_address>
         <size>0xd8</size>
         <input_file_ref idref="fl-2"/>
      </object_component>
      <object_component id="oc-192">
         <name>.debug_line</name>
         <load_address>0x2fc</load_address>
         <run_address>0x2fc</run_address>
         <size>0x5b</size>
         <input_file_ref idref="fl-2"/>
      </object_component>
      <object_component id="oc-132">
         <name>.debug_line</name>
         <load_address>0x357</load_address>
         <run_address>0x357</run_address>
         <size>0x6f</size>
         <input_file_ref idref="fl-2"/>
      </object_component>
      <object_component id="oc-56">
         <name>.debug_line</name>
         <load_address>0x3c6</load_address>
         <run_address>0x3c6</run_address>
         <size>0x20</size>
         <input_file_ref idref="fl-2"/>
      </object_component>
      <object_component id="oc-1b2">
         <name>.debug_line</name>
         <load_address>0x3e6</load_address>
         <run_address>0x3e6</run_address>
         <size>0x73</size>
         <input_file_ref idref="fl-2"/>
      </object_component>
      <object_component id="oc-113">
         <name>.debug_line</name>
         <load_address>0x459</load_address>
         <run_address>0x459</run_address>
         <size>0x70</size>
         <input_file_ref idref="fl-2"/>
      </object_component>
      <object_component id="oc-8c">
         <name>.debug_line</name>
         <load_address>0x4c9</load_address>
         <run_address>0x4c9</run_address>
         <size>0x60</size>
         <input_file_ref idref="fl-2"/>
      </object_component>
      <object_component id="oc-19c">
         <name>.debug_line</name>
         <load_address>0x529</load_address>
         <run_address>0x529</run_address>
         <size>0x57</size>
         <input_file_ref idref="fl-2"/>
      </object_component>
      <object_component id="oc-1fb">
         <name>.debug_line</name>
         <load_address>0x580</load_address>
         <run_address>0x580</run_address>
         <size>0x57</size>
         <input_file_ref idref="fl-3"/>
      </object_component>
      <object_component id="oc-2e">
         <name>.debug_line</name>
         <load_address>0x5d7</load_address>
         <run_address>0x5d7</run_address>
         <size>0x56</size>
         <input_file_ref idref="fl-3"/>
      </object_component>
      <object_component id="oc-137">
         <name>.debug_line</name>
         <load_address>0x62d</load_address>
         <run_address>0x62d</run_address>
         <size>0x5b</size>
         <input_file_ref idref="fl-3"/>
      </object_component>
      <object_component id="oc-1fd">
         <name>.debug_line</name>
         <load_address>0x688</load_address>
         <run_address>0x688</run_address>
         <size>0x57</size>
         <input_file_ref idref="fl-4"/>
      </object_component>
      <object_component id="oc-31">
         <name>.debug_line</name>
         <load_address>0x6df</load_address>
         <run_address>0x6df</run_address>
         <size>0x72</size>
         <input_file_ref idref="fl-4"/>
      </object_component>
      <object_component id="oc-141">
         <name>.debug_line</name>
         <load_address>0x751</load_address>
         <run_address>0x751</run_address>
         <size>0x5b</size>
         <input_file_ref idref="fl-4"/>
      </object_component>
      <object_component id="oc-1bf">
         <name>.debug_line</name>
         <load_address>0x7ac</load_address>
         <run_address>0x7ac</run_address>
         <size>0x20</size>
         <input_file_ref idref="fl-5"/>
      </object_component>
      <object_component id="oc-8f">
         <name>.debug_line</name>
         <load_address>0x7cc</load_address>
         <run_address>0x7cc</run_address>
         <size>0xbc</size>
         <input_file_ref idref="fl-5"/>
      </object_component>
      <object_component id="oc-197">
         <name>.debug_line</name>
         <load_address>0x888</load_address>
         <run_address>0x888</run_address>
         <size>0x5b</size>
         <input_file_ref idref="fl-5"/>
      </object_component>
      <object_component id="oc-1ab">
         <name>.debug_line</name>
         <load_address>0x8e3</load_address>
         <run_address>0x8e3</run_address>
         <size>0x5b</size>
         <input_file_ref idref="fl-5"/>
      </object_component>
      <object_component id="oc-3a">
         <name>.debug_line</name>
         <load_address>0x93e</load_address>
         <run_address>0x93e</run_address>
         <size>0xf4</size>
         <input_file_ref idref="fl-6"/>
      </object_component>
      <object_component id="oc-1c3">
         <name>.debug_line</name>
         <load_address>0xa32</load_address>
         <run_address>0xa32</run_address>
         <size>0x57</size>
         <input_file_ref idref="fl-7"/>
      </object_component>
      <object_component id="oc-158">
         <name>.debug_line</name>
         <load_address>0xa89</load_address>
         <run_address>0xa89</run_address>
         <size>0x33</size>
         <input_file_ref idref="fl-7"/>
      </object_component>
      <object_component id="oc-f1">
         <name>.debug_line</name>
         <load_address>0xabc</load_address>
         <run_address>0xabc</run_address>
         <size>0x1d7</size>
         <input_file_ref idref="fl-7"/>
      </object_component>
      <object_component id="oc-40">
         <name>.debug_line</name>
         <load_address>0xc93</load_address>
         <run_address>0xc93</run_address>
         <size>0x158</size>
         <input_file_ref idref="fl-7"/>
      </object_component>
      <object_component id="oc-1c7">
         <name>.debug_line</name>
         <load_address>0xdeb</load_address>
         <run_address>0xdeb</run_address>
         <size>0x33</size>
         <input_file_ref idref="fl-7"/>
      </object_component>
      <object_component id="oc-74">
         <name>.debug_line</name>
         <load_address>0xe1e</load_address>
         <run_address>0xe1e</run_address>
         <size>0x2ad</size>
         <input_file_ref idref="fl-8"/>
      </object_component>
      <object_component id="oc-46">
         <name>.debug_line</name>
         <load_address>0x10cb</load_address>
         <run_address>0x10cb</run_address>
         <size>0x4f</size>
         <input_file_ref idref="fl-9"/>
      </object_component>
      <object_component id="oc-18e">
         <name>.debug_line</name>
         <load_address>0x111a</load_address>
         <run_address>0x111a</run_address>
         <size>0xef</size>
         <input_file_ref idref="fl-a"/>
      </object_component>
      <object_component id="oc-1ae">
         <name>.debug_line</name>
         <load_address>0x1209</load_address>
         <run_address>0x1209</run_address>
         <size>0x38</size>
         <input_file_ref idref="fl-a"/>
      </object_component>
      <object_component id="oc-82">
         <name>.debug_line</name>
         <load_address>0x1241</load_address>
         <run_address>0x1241</run_address>
         <size>0x157</size>
         <input_file_ref idref="fl-a"/>
      </object_component>
      <object_component id="oc-118">
         <name>.debug_line</name>
         <load_address>0x1398</load_address>
         <run_address>0x1398</run_address>
         <size>0x38</size>
         <input_file_ref idref="fl-a"/>
      </object_component>
      <object_component id="oc-164">
         <name>.debug_line</name>
         <load_address>0x13d0</load_address>
         <run_address>0x13d0</run_address>
         <size>0x6b</size>
         <input_file_ref idref="fl-a"/>
      </object_component>
      <object_component id="oc-13c">
         <name>.debug_line</name>
         <load_address>0x143b</load_address>
         <run_address>0x143b</run_address>
         <size>0x5d</size>
         <input_file_ref idref="fl-a"/>
      </object_component>
      <object_component id="oc-1a1">
         <name>.debug_line</name>
         <load_address>0x1498</load_address>
         <run_address>0x1498</run_address>
         <size>0x5b</size>
         <input_file_ref idref="fl-a"/>
      </object_component>
      <object_component id="oc-1a6">
         <name>.debug_line</name>
         <load_address>0x14f3</load_address>
         <run_address>0x14f3</run_address>
         <size>0x57</size>
         <input_file_ref idref="fl-a"/>
      </object_component>
      <object_component id="oc-146">
         <name>.debug_line</name>
         <load_address>0x154a</load_address>
         <run_address>0x154a</run_address>
         <size>0x5b</size>
         <input_file_ref idref="fl-a"/>
      </object_component>
      <object_component id="oc-14b">
         <name>.debug_line</name>
         <load_address>0x15a5</load_address>
         <run_address>0x15a5</run_address>
         <size>0x5e</size>
         <input_file_ref idref="fl-a"/>
      </object_component>
      <object_component id="oc-7d">
         <name>.debug_line</name>
         <load_address>0x1603</load_address>
         <run_address>0x1603</run_address>
         <size>0x51</size>
         <input_file_ref idref="fl-b"/>
      </object_component>
      <object_component id="oc-4b">
         <name>.debug_line</name>
         <load_address>0x1654</load_address>
         <run_address>0x1654</run_address>
         <size>0x4b</size>
         <input_file_ref idref="fl-d"/>
      </object_component>
      <object_component id="oc-129">
         <name>.debug_line</name>
         <load_address>0x169f</load_address>
         <run_address>0x169f</run_address>
         <size>0x12a</size>
         <input_file_ref idref="fl-f"/>
      </object_component>
      <object_component id="oc-96">
         <name>.debug_line</name>
         <load_address>0x17c9</load_address>
         <run_address>0x17c9</run_address>
         <size>0x3b</size>
         <input_file_ref idref="fl-f"/>
      </object_component>
      <object_component id="oc-20">
         <name>.debug_line</name>
         <load_address>0x1804</load_address>
         <run_address>0x1804</run_address>
         <size>0x72</size>
         <input_file_ref idref="fl-f"/>
      </object_component>
      <object_component id="oc-12d">
         <name>.debug_line</name>
         <load_address>0x1876</load_address>
         <run_address>0x1876</run_address>
         <size>0x5b</size>
         <input_file_ref idref="fl-f"/>
      </object_component>
      <object_component id="oc-155">
         <name>.debug_line</name>
         <load_address>0x18d1</load_address>
         <run_address>0x18d1</run_address>
         <size>0x3b</size>
         <input_file_ref idref="fl-f"/>
      </object_component>
      <object_component id="oc-150">
         <name>.debug_line</name>
         <load_address>0x190c</load_address>
         <run_address>0x190c</run_address>
         <size>0x5b</size>
         <input_file_ref idref="fl-f"/>
      </object_component>
      <object_component id="oc-76">
         <name>.debug_line</name>
         <load_address>0x1967</load_address>
         <run_address>0x1967</run_address>
         <size>0x88</size>
         <input_file_ref idref="fl-10"/>
      </object_component>
      <object_component id="oc-fc">
         <name>.debug_line</name>
         <load_address>0x19ef</load_address>
         <run_address>0x19ef</run_address>
         <size>0xdc</size>
         <input_file_ref idref="fl-15"/>
      </object_component>
      <object_component id="oc-1ea">
         <name>.debug_line</name>
         <load_address>0x1acb</load_address>
         <run_address>0x1acb</run_address>
         <size>0x9a</size>
         <input_file_ref idref="fl-15"/>
      </object_component>
      <object_component id="oc-18b">
         <name>.debug_line</name>
         <load_address>0x1b65</load_address>
         <run_address>0x1b65</run_address>
         <size>0x97</size>
         <input_file_ref idref="fl-15"/>
      </object_component>
      <object_component id="oc-5a">
         <name>.debug_line</name>
         <load_address>0x1bfc</load_address>
         <run_address>0x1bfc</run_address>
         <size>0x88</size>
         <input_file_ref idref="fl-16"/>
      </object_component>
      <object_component id="oc-1ca">
         <name>.debug_line</name>
         <load_address>0x1c84</load_address>
         <run_address>0x1c84</run_address>
         <size>0xbf</size>
         <input_file_ref idref="fl-17"/>
      </object_component>
      <object_component id="oc-c0">
         <name>.debug_line</name>
         <load_address>0x1d43</load_address>
         <run_address>0x1d43</run_address>
         <size>0x75</size>
         <input_file_ref idref="fl-17"/>
      </object_component>
      <object_component id="oc-1ce">
         <name>.debug_line</name>
         <load_address>0x1db8</load_address>
         <run_address>0x1db8</run_address>
         <size>0x2e</size>
         <input_file_ref idref="fl-17"/>
      </object_component>
      <object_component id="oc-201">
         <name>.debug_line</name>
         <load_address>0x1de6</load_address>
         <run_address>0x1de6</run_address>
         <size>0x9a</size>
         <input_file_ref idref="fl-17"/>
      </object_component>
      <object_component id="oc-1d3">
         <name>.debug_line</name>
         <load_address>0x1e80</load_address>
         <run_address>0x1e80</run_address>
         <size>0x97</size>
         <input_file_ref idref="fl-17"/>
      </object_component>
      <object_component id="oc-1d8">
         <name>.debug_line</name>
         <load_address>0x1f17</load_address>
         <run_address>0x1f17</run_address>
         <size>0x93</size>
         <input_file_ref idref="fl-17"/>
      </object_component>
      <object_component id="oc-167">
         <name>.debug_line</name>
         <load_address>0x1faa</load_address>
         <run_address>0x1faa</run_address>
         <size>0x92</size>
         <input_file_ref idref="fl-19"/>
      </object_component>
      <object_component id="oc-66">
         <name>.debug_line</name>
         <load_address>0x203c</load_address>
         <run_address>0x203c</run_address>
         <size>0x53</size>
         <input_file_ref idref="fl-19"/>
      </object_component>
      <object_component id="oc-b3">
         <name>.debug_line</name>
         <load_address>0x208f</load_address>
         <run_address>0x208f</run_address>
         <size>0x34</size>
         <input_file_ref idref="fl-19"/>
      </object_component>
      <object_component id="oc-ae">
         <name>.debug_line</name>
         <load_address>0x20c3</load_address>
         <run_address>0x20c3</run_address>
         <size>0x20</size>
         <input_file_ref idref="fl-1a"/>
      </object_component>
      <object_component id="oc-19">
         <name>.debug_line</name>
         <load_address>0x20e3</load_address>
         <run_address>0x20e3</run_address>
         <size>0x58</size>
         <input_file_ref idref="fl-1a"/>
      </object_component>
      <object_component id="oc-61">
         <name>.debug_line</name>
         <load_address>0x213b</load_address>
         <run_address>0x213b</run_address>
         <size>0x3a</size>
         <input_file_ref idref="fl-1a"/>
      </object_component>
      <object_component id="oc-ab">
         <name>.debug_line</name>
         <load_address>0x2175</load_address>
         <run_address>0x2175</run_address>
         <size>0x92</size>
         <input_file_ref idref="fl-1a"/>
      </object_component>
      <object_component id="oc-160">
         <name>.debug_line</name>
         <load_address>0x2207</load_address>
         <run_address>0x2207</run_address>
         <size>0x20</size>
         <input_file_ref idref="fl-1b"/>
      </object_component>
      <object_component id="oc-11">
         <name>.debug_line</name>
         <load_address>0x2227</load_address>
         <run_address>0x2227</run_address>
         <size>0xb2</size>
         <input_file_ref idref="fl-1b"/>
      </object_component>
      <object_component id="oc-51">
         <name>.debug_line</name>
         <load_address>0x22d9</load_address>
         <run_address>0x22d9</run_address>
         <size>0x3a</size>
         <input_file_ref idref="fl-1b"/>
      </object_component>
      <object_component id="oc-15d">
         <name>.debug_line</name>
         <load_address>0x2313</load_address>
         <run_address>0x2313</run_address>
         <size>0x9a</size>
         <input_file_ref idref="fl-1b"/>
      </object_component>
      <object_component id="oc-a4">
         <name>.debug_line</name>
         <load_address>0x23ad</load_address>
         <run_address>0x23ad</run_address>
         <size>0x96</size>
         <input_file_ref idref="fl-1b"/>
      </object_component>
      <object_component id="oc-11e">
         <name>.debug_line</name>
         <load_address>0x2443</load_address>
         <run_address>0x2443</run_address>
         <size>0x3c</size>
         <input_file_ref idref="fl-1c"/>
      </object_component>
      <object_component id="oc-20d">
         <name>.debug_line</name>
         <load_address>0x247f</load_address>
         <run_address>0x247f</run_address>
         <size>0x20</size>
         <input_file_ref idref="fl-1e"/>
      </object_component>
      <object_component id="oc-20b">
         <name>.debug_line</name>
         <load_address>0x249f</load_address>
         <run_address>0x249f</run_address>
         <size>0x2b</size>
         <input_file_ref idref="fl-1e"/>
      </object_component>
      <object_component id="oc-186">
         <name>.debug_line</name>
         <load_address>0x24ca</load_address>
         <run_address>0x24ca</run_address>
         <size>0x40</size>
         <input_file_ref idref="fl-1e"/>
      </object_component>
      <object_component id="oc-f9">
         <name>.debug_frame</name>
         <load_address>0x0</load_address>
         <run_address>0x0</run_address>
         <size>0x118</size>
         <input_file_ref idref="fl-2"/>
      </object_component>
      <object_component id="oc-22">
         <name>.debug_frame</name>
         <load_address>0x118</load_address>
         <run_address>0x118</run_address>
         <size>0x2c8</size>
         <input_file_ref idref="fl-2"/>
      </object_component>
      <object_component id="oc-2f">
         <name>.debug_frame</name>
         <load_address>0x3e0</load_address>
         <run_address>0x3e0</run_address>
         <size>0xb0</size>
         <input_file_ref idref="fl-3"/>
      </object_component>
      <object_component id="oc-35">
         <name>.debug_frame</name>
         <load_address>0x490</load_address>
         <run_address>0x490</run_address>
         <size>0x120</size>
         <input_file_ref idref="fl-4"/>
      </object_component>
      <object_component id="oc-93">
         <name>.debug_frame</name>
         <load_address>0x5b0</load_address>
         <run_address>0x5b0</run_address>
         <size>0xd0</size>
         <input_file_ref idref="fl-5"/>
      </object_component>
      <object_component id="oc-3b">
         <name>.debug_frame</name>
         <load_address>0x680</load_address>
         <run_address>0x680</run_address>
         <size>0x334</size>
         <input_file_ref idref="fl-6"/>
      </object_component>
      <object_component id="oc-f0">
         <name>.debug_frame</name>
         <load_address>0x9b4</load_address>
         <run_address>0x9b4</run_address>
         <size>0x15c</size>
         <input_file_ref idref="fl-7"/>
      </object_component>
      <object_component id="oc-41">
         <name>.debug_frame</name>
         <load_address>0xb10</load_address>
         <run_address>0xb10</run_address>
         <size>0x200</size>
         <input_file_ref idref="fl-7"/>
      </object_component>
      <object_component id="oc-86">
         <name>.debug_frame</name>
         <load_address>0xd10</load_address>
         <run_address>0xd10</run_address>
         <size>0xfc</size>
         <input_file_ref idref="fl-a"/>
      </object_component>
      <object_component id="oc-4c">
         <name>.debug_frame</name>
         <load_address>0xe0c</load_address>
         <run_address>0xe0c</run_address>
         <size>0x54</size>
         <input_file_ref idref="fl-d"/>
      </object_component>
      <object_component id="oc-1c">
         <name>.debug_frame</name>
         <load_address>0xe60</load_address>
         <run_address>0xe60</run_address>
         <size>0x50</size>
         <input_file_ref idref="fl-f"/>
      </object_component>
      <object_component id="oc-7a">
         <name>.debug_frame</name>
         <load_address>0xeb0</load_address>
         <run_address>0xeb0</run_address>
         <size>0x6c</size>
         <input_file_ref idref="fl-10"/>
      </object_component>
      <object_component id="oc-100">
         <name>.debug_frame</name>
         <load_address>0xf1c</load_address>
         <run_address>0xf1c</run_address>
         <size>0x74</size>
         <input_file_ref idref="fl-15"/>
      </object_component>
      <object_component id="oc-c1">
         <name>.debug_frame</name>
         <load_address>0xf90</load_address>
         <run_address>0xf90</run_address>
         <size>0x5c</size>
         <input_file_ref idref="fl-17"/>
      </object_component>
      <object_component id="oc-65">
         <name>.debug_frame</name>
         <load_address>0xfec</load_address>
         <run_address>0xfec</run_address>
         <size>0x54</size>
         <input_file_ref idref="fl-19"/>
      </object_component>
      <object_component id="oc-18">
         <name>.debug_frame</name>
         <load_address>0x1040</load_address>
         <run_address>0x1040</run_address>
         <size>0x54</size>
         <input_file_ref idref="fl-1a"/>
      </object_component>
      <object_component id="oc-10">
         <name>.debug_frame</name>
         <load_address>0x1094</load_address>
         <run_address>0x1094</run_address>
         <size>0x60</size>
         <input_file_ref idref="fl-1b"/>
      </object_component>
      <object_component id="oc-11f">
         <name>.debug_frame</name>
         <load_address>0x10f4</load_address>
         <run_address>0x10f4</run_address>
         <size>0x54</size>
         <input_file_ref idref="fl-1c"/>
      </object_component>
      <object_component id="oc-185">
         <name>.debug_frame</name>
         <load_address>0x1148</load_address>
         <run_address>0x1148</run_address>
         <size>0x54</size>
         <input_file_ref idref="fl-1e"/>
      </object_component>
      <object_component id="oc-1e0">
         <name>.debug_abbrev</name>
         <load_address>0x0</load_address>
         <run_address>0x0</run_address>
         <size>0x7a</size>
         <input_file_ref idref="fl-2"/>
      </object_component>
      <object_component id="oc-1de">
         <name>.debug_abbrev</name>
         <load_address>0x7a</load_address>
         <run_address>0x7a</run_address>
         <size>0x27</size>
         <input_file_ref idref="fl-2"/>
      </object_component>
      <object_component id="oc-1dc">
         <name>.debug_abbrev</name>
         <load_address>0xa1</load_address>
         <run_address>0xa1</run_address>
         <size>0x27</size>
         <input_file_ref idref="fl-2"/>
      </object_component>
      <object_component id="oc-17f">
         <name>.debug_abbrev</name>
         <load_address>0xc8</load_address>
         <run_address>0xc8</run_address>
         <size>0xc8</size>
         <input_file_ref idref="fl-2"/>
      </object_component>
      <object_component id="oc-94">
         <name>.debug_abbrev</name>
         <load_address>0x190</load_address>
         <run_address>0x190</run_address>
         <size>0x61</size>
         <input_file_ref idref="fl-2"/>
      </object_component>
      <object_component id="oc-191">
         <name>.debug_abbrev</name>
         <load_address>0x1f1</load_address>
         <run_address>0x1f1</run_address>
         <size>0x5a</size>
         <input_file_ref idref="fl-2"/>
      </object_component>
      <object_component id="oc-131">
         <name>.debug_abbrev</name>
         <load_address>0x24b</load_address>
         <run_address>0x24b</run_address>
         <size>0x69</size>
         <input_file_ref idref="fl-2"/>
      </object_component>
      <object_component id="oc-55">
         <name>.debug_abbrev</name>
         <load_address>0x2b4</load_address>
         <run_address>0x2b4</run_address>
         <size>0x1f</size>
         <input_file_ref idref="fl-2"/>
      </object_component>
      <object_component id="oc-1b1">
         <name>.debug_abbrev</name>
         <load_address>0x2d3</load_address>
         <run_address>0x2d3</run_address>
         <size>0x5c</size>
         <input_file_ref idref="fl-2"/>
      </object_component>
      <object_component id="oc-112">
         <name>.debug_abbrev</name>
         <load_address>0x32f</load_address>
         <run_address>0x32f</run_address>
         <size>0x24</size>
         <input_file_ref idref="fl-2"/>
      </object_component>
      <object_component id="oc-8b">
         <name>.debug_abbrev</name>
         <load_address>0x353</load_address>
         <run_address>0x353</run_address>
         <size>0x24</size>
         <input_file_ref idref="fl-2"/>
      </object_component>
      <object_component id="oc-19b">
         <name>.debug_abbrev</name>
         <load_address>0x377</load_address>
         <run_address>0x377</run_address>
         <size>0x7a</size>
         <input_file_ref idref="fl-2"/>
      </object_component>
      <object_component id="oc-1fa">
         <name>.debug_abbrev</name>
         <load_address>0x3f1</load_address>
         <run_address>0x3f1</run_address>
         <size>0x5f</size>
         <input_file_ref idref="fl-3"/>
      </object_component>
      <object_component id="oc-98">
         <name>.debug_abbrev</name>
         <load_address>0x450</load_address>
         <run_address>0x450</run_address>
         <size>0x6f</size>
         <input_file_ref idref="fl-3"/>
      </object_component>
      <object_component id="oc-136">
         <name>.debug_abbrev</name>
         <load_address>0x4bf</load_address>
         <run_address>0x4bf</run_address>
         <size>0x4b</size>
         <input_file_ref idref="fl-3"/>
      </object_component>
      <object_component id="oc-1fc">
         <name>.debug_abbrev</name>
         <load_address>0x50a</load_address>
         <run_address>0x50a</run_address>
         <size>0x4b</size>
         <input_file_ref idref="fl-4"/>
      </object_component>
      <object_component id="oc-99">
         <name>.debug_abbrev</name>
         <load_address>0x555</load_address>
         <run_address>0x555</run_address>
         <size>0x6f</size>
         <input_file_ref idref="fl-4"/>
      </object_component>
      <object_component id="oc-140">
         <name>.debug_abbrev</name>
         <load_address>0x5c4</load_address>
         <run_address>0x5c4</run_address>
         <size>0x4b</size>
         <input_file_ref idref="fl-4"/>
      </object_component>
      <object_component id="oc-1be">
         <name>.debug_abbrev</name>
         <load_address>0x60f</load_address>
         <run_address>0x60f</run_address>
         <size>0x42</size>
         <input_file_ref idref="fl-5"/>
      </object_component>
      <object_component id="oc-126">
         <name>.debug_abbrev</name>
         <load_address>0x651</load_address>
         <run_address>0x651</run_address>
         <size>0x6c</size>
         <input_file_ref idref="fl-5"/>
      </object_component>
      <object_component id="oc-196">
         <name>.debug_abbrev</name>
         <load_address>0x6bd</load_address>
         <run_address>0x6bd</run_address>
         <size>0x5a</size>
         <input_file_ref idref="fl-5"/>
      </object_component>
      <object_component id="oc-1aa">
         <name>.debug_abbrev</name>
         <load_address>0x717</load_address>
         <run_address>0x717</run_address>
         <size>0x4b</size>
         <input_file_ref idref="fl-5"/>
      </object_component>
      <object_component id="oc-9a">
         <name>.debug_abbrev</name>
         <load_address>0x762</load_address>
         <run_address>0x762</run_address>
         <size>0x61</size>
         <input_file_ref idref="fl-6"/>
      </object_component>
      <object_component id="oc-1c2">
         <name>.debug_abbrev</name>
         <load_address>0x7c3</load_address>
         <run_address>0x7c3</run_address>
         <size>0x73</size>
         <input_file_ref idref="fl-7"/>
      </object_component>
      <object_component id="oc-157">
         <name>.debug_abbrev</name>
         <load_address>0x836</load_address>
         <run_address>0x836</run_address>
         <size>0x27</size>
         <input_file_ref idref="fl-7"/>
      </object_component>
      <object_component id="oc-178">
         <name>.debug_abbrev</name>
         <load_address>0x85d</load_address>
         <run_address>0x85d</run_address>
         <size>0x102</size>
         <input_file_ref idref="fl-7"/>
      </object_component>
      <object_component id="oc-9e">
         <name>.debug_abbrev</name>
         <load_address>0x95f</load_address>
         <run_address>0x95f</run_address>
         <size>0x7a</size>
         <input_file_ref idref="fl-7"/>
      </object_component>
      <object_component id="oc-1c6">
         <name>.debug_abbrev</name>
         <load_address>0x9d9</load_address>
         <run_address>0x9d9</run_address>
         <size>0x3a</size>
         <input_file_ref idref="fl-7"/>
      </object_component>
      <object_component id="oc-bc">
         <name>.debug_abbrev</name>
         <load_address>0xa13</load_address>
         <run_address>0xa13</run_address>
         <size>0x44</size>
         <input_file_ref idref="fl-8"/>
      </object_component>
      <object_component id="oc-9f">
         <name>.debug_abbrev</name>
         <load_address>0xa57</load_address>
         <run_address>0xa57</run_address>
         <size>0x38</size>
         <input_file_ref idref="fl-9"/>
      </object_component>
      <object_component id="oc-18d">
         <name>.debug_abbrev</name>
         <load_address>0xa8f</load_address>
         <run_address>0xa8f</run_address>
         <size>0xef</size>
         <input_file_ref idref="fl-a"/>
      </object_component>
      <object_component id="oc-1ad">
         <name>.debug_abbrev</name>
         <load_address>0xb7e</load_address>
         <run_address>0xb7e</run_address>
         <size>0x27</size>
         <input_file_ref idref="fl-a"/>
      </object_component>
      <object_component id="oc-10f">
         <name>.debug_abbrev</name>
         <load_address>0xba5</load_address>
         <run_address>0xba5</run_address>
         <size>0xd8</size>
         <input_file_ref idref="fl-a"/>
      </object_component>
      <object_component id="oc-117">
         <name>.debug_abbrev</name>
         <load_address>0xc7d</load_address>
         <run_address>0xc7d</run_address>
         <size>0x6e</size>
         <input_file_ref idref="fl-a"/>
      </object_component>
      <object_component id="oc-163">
         <name>.debug_abbrev</name>
         <load_address>0xceb</load_address>
         <run_address>0xceb</run_address>
         <size>0x24</size>
         <input_file_ref idref="fl-a"/>
      </object_component>
      <object_component id="oc-13b">
         <name>.debug_abbrev</name>
         <load_address>0xd0f</load_address>
         <run_address>0xd0f</run_address>
         <size>0x4b</size>
         <input_file_ref idref="fl-a"/>
      </object_component>
      <object_component id="oc-1a0">
         <name>.debug_abbrev</name>
         <load_address>0xd5a</load_address>
         <run_address>0xd5a</run_address>
         <size>0x4b</size>
         <input_file_ref idref="fl-a"/>
      </object_component>
      <object_component id="oc-1a5">
         <name>.debug_abbrev</name>
         <load_address>0xda5</load_address>
         <run_address>0xda5</run_address>
         <size>0x8d</size>
         <input_file_ref idref="fl-a"/>
      </object_component>
      <object_component id="oc-145">
         <name>.debug_abbrev</name>
         <load_address>0xe32</load_address>
         <run_address>0xe32</run_address>
         <size>0x4b</size>
         <input_file_ref idref="fl-a"/>
      </object_component>
      <object_component id="oc-14a">
         <name>.debug_abbrev</name>
         <load_address>0xe7d</load_address>
         <run_address>0xe7d</run_address>
         <size>0x5c</size>
         <input_file_ref idref="fl-a"/>
      </object_component>
      <object_component id="oc-be">
         <name>.debug_abbrev</name>
         <load_address>0xed9</load_address>
         <run_address>0xed9</run_address>
         <size>0x36</size>
         <input_file_ref idref="fl-b"/>
      </object_component>
      <object_component id="oc-a0">
         <name>.debug_abbrev</name>
         <load_address>0xf0f</load_address>
         <run_address>0xf0f</run_address>
         <size>0x53</size>
         <input_file_ref idref="fl-d"/>
      </object_component>
      <object_component id="oc-128">
         <name>.debug_abbrev</name>
         <load_address>0xf62</load_address>
         <run_address>0xf62</run_address>
         <size>0xca</size>
         <input_file_ref idref="fl-f"/>
      </object_component>
      <object_component id="oc-95">
         <name>.debug_abbrev</name>
         <load_address>0x102c</load_address>
         <run_address>0x102c</run_address>
         <size>0x27</size>
         <input_file_ref idref="fl-f"/>
      </object_component>
      <object_component id="oc-88">
         <name>.debug_abbrev</name>
         <load_address>0x1053</load_address>
         <run_address>0x1053</run_address>
         <size>0x6e</size>
         <input_file_ref idref="fl-f"/>
      </object_component>
      <object_component id="oc-12c">
         <name>.debug_abbrev</name>
         <load_address>0x10c1</load_address>
         <run_address>0x10c1</run_address>
         <size>0x24</size>
         <input_file_ref idref="fl-f"/>
      </object_component>
      <object_component id="oc-154">
         <name>.debug_abbrev</name>
         <load_address>0x10e5</load_address>
         <run_address>0x10e5</run_address>
         <size>0x4b</size>
         <input_file_ref idref="fl-f"/>
      </object_component>
      <object_component id="oc-14f">
         <name>.debug_abbrev</name>
         <load_address>0x1130</load_address>
         <run_address>0x1130</run_address>
         <size>0x4b</size>
         <input_file_ref idref="fl-f"/>
      </object_component>
      <object_component id="oc-bd">
         <name>.debug_abbrev</name>
         <load_address>0x117b</load_address>
         <run_address>0x117b</run_address>
         <size>0x6c</size>
         <input_file_ref idref="fl-10"/>
      </object_component>
      <object_component id="oc-187">
         <name>.debug_abbrev</name>
         <load_address>0x11e7</load_address>
         <run_address>0x11e7</run_address>
         <size>0x7f</size>
         <input_file_ref idref="fl-15"/>
      </object_component>
      <object_component id="oc-1e9">
         <name>.debug_abbrev</name>
         <load_address>0x1266</load_address>
         <run_address>0x1266</run_address>
         <size>0x24</size>
         <input_file_ref idref="fl-15"/>
      </object_component>
      <object_component id="oc-18a">
         <name>.debug_abbrev</name>
         <load_address>0x128a</load_address>
         <run_address>0x128a</run_address>
         <size>0x24</size>
         <input_file_ref idref="fl-15"/>
      </object_component>
      <object_component id="oc-a7">
         <name>.debug_abbrev</name>
         <load_address>0x12ae</load_address>
         <run_address>0x12ae</run_address>
         <size>0x3e</size>
         <input_file_ref idref="fl-16"/>
      </object_component>
      <object_component id="oc-1c9">
         <name>.debug_abbrev</name>
         <load_address>0x12ec</load_address>
         <run_address>0x12ec</run_address>
         <size>0xc0</size>
         <input_file_ref idref="fl-17"/>
      </object_component>
      <object_component id="oc-169">
         <name>.debug_abbrev</name>
         <load_address>0x13ac</load_address>
         <run_address>0x13ac</run_address>
         <size>0x7e</size>
         <input_file_ref idref="fl-17"/>
      </object_component>
      <object_component id="oc-1cd">
         <name>.debug_abbrev</name>
         <load_address>0x142a</load_address>
         <run_address>0x142a</run_address>
         <size>0x24</size>
         <input_file_ref idref="fl-17"/>
      </object_component>
      <object_component id="oc-200">
         <name>.debug_abbrev</name>
         <load_address>0x144e</load_address>
         <run_address>0x144e</run_address>
         <size>0x24</size>
         <input_file_ref idref="fl-17"/>
      </object_component>
      <object_component id="oc-1d2">
         <name>.debug_abbrev</name>
         <load_address>0x1472</load_address>
         <run_address>0x1472</run_address>
         <size>0x24</size>
         <input_file_ref idref="fl-17"/>
      </object_component>
      <object_component id="oc-1d7">
         <name>.debug_abbrev</name>
         <load_address>0x1496</load_address>
         <run_address>0x1496</run_address>
         <size>0x4b</size>
         <input_file_ref idref="fl-17"/>
      </object_component>
      <object_component id="oc-166">
         <name>.debug_abbrev</name>
         <load_address>0x14e1</load_address>
         <run_address>0x14e1</run_address>
         <size>0x5d</size>
         <input_file_ref idref="fl-19"/>
      </object_component>
      <object_component id="oc-af">
         <name>.debug_abbrev</name>
         <load_address>0x153e</load_address>
         <run_address>0x153e</run_address>
         <size>0x6f</size>
         <input_file_ref idref="fl-19"/>
      </object_component>
      <object_component id="oc-b2">
         <name>.debug_abbrev</name>
         <load_address>0x15ad</load_address>
         <run_address>0x15ad</run_address>
         <size>0x24</size>
         <input_file_ref idref="fl-19"/>
      </object_component>
      <object_component id="oc-ad">
         <name>.debug_abbrev</name>
         <load_address>0x15d1</load_address>
         <run_address>0x15d1</run_address>
         <size>0x37</size>
         <input_file_ref idref="fl-1a"/>
      </object_component>
      <object_component id="oc-5d">
         <name>.debug_abbrev</name>
         <load_address>0x1608</load_address>
         <run_address>0x1608</run_address>
         <size>0x74</size>
         <input_file_ref idref="fl-1a"/>
      </object_component>
      <object_component id="oc-60">
         <name>.debug_abbrev</name>
         <load_address>0x167c</load_address>
         <run_address>0x167c</run_address>
         <size>0x24</size>
         <input_file_ref idref="fl-1a"/>
      </object_component>
      <object_component id="oc-aa">
         <name>.debug_abbrev</name>
         <load_address>0x16a0</load_address>
         <run_address>0x16a0</run_address>
         <size>0x24</size>
         <input_file_ref idref="fl-1a"/>
      </object_component>
      <object_component id="oc-15f">
         <name>.debug_abbrev</name>
         <load_address>0x16c4</load_address>
         <run_address>0x16c4</run_address>
         <size>0x37</size>
         <input_file_ref idref="fl-1b"/>
      </object_component>
      <object_component id="oc-4d">
         <name>.debug_abbrev</name>
         <load_address>0x16fb</load_address>
         <run_address>0x16fb</run_address>
         <size>0x6f</size>
         <input_file_ref idref="fl-1b"/>
      </object_component>
      <object_component id="oc-50">
         <name>.debug_abbrev</name>
         <load_address>0x176a</load_address>
         <run_address>0x176a</run_address>
         <size>0x24</size>
         <input_file_ref idref="fl-1b"/>
      </object_component>
      <object_component id="oc-15c">
         <name>.debug_abbrev</name>
         <load_address>0x178e</load_address>
         <run_address>0x178e</run_address>
         <size>0x35</size>
         <input_file_ref idref="fl-1b"/>
      </object_component>
      <object_component id="oc-a3">
         <name>.debug_abbrev</name>
         <load_address>0x17c3</load_address>
         <run_address>0x17c3</run_address>
         <size>0x24</size>
         <input_file_ref idref="fl-1b"/>
      </object_component>
      <object_component id="oc-1b4">
         <name>.debug_abbrev</name>
         <load_address>0x17e7</load_address>
         <run_address>0x17e7</run_address>
         <size>0x45</size>
         <input_file_ref idref="fl-1c"/>
      </object_component>
      <object_component id="oc-20c">
         <name>.debug_abbrev</name>
         <load_address>0x182c</load_address>
         <run_address>0x182c</run_address>
         <size>0x2e</size>
         <input_file_ref idref="fl-1e"/>
      </object_component>
      <object_component id="oc-20a">
         <name>.debug_abbrev</name>
         <load_address>0x185a</load_address>
         <run_address>0x185a</run_address>
         <size>0x27</size>
         <input_file_ref idref="fl-1e"/>
      </object_component>
[...]
            <run_address>0x8001544</run_address>
            <run_size>0x4</run_size>
            <compression>lzss</compression>
         </cprec>
      </cptbl>
   </cptbl_list>
   <handler_table>
      <handler_table_name>__TI_handler_table</handler_table_name>
      <handler>
         <index>0x0</index>
         <name>__TI_zero_init</name>
      </handler>
      <handler>
         <index>0x1</index>
         <name>__TI_decompress_lzss</name>
      </handler>
      <handler>
         <index>0x2</index>
         <name>__TI_decompress_none</name>
      </handler>
   </handler_table>
   <symbol_table>
      <symbol id="sm-1">
         <name>__start___llvm_prf_cnts</name>
         <value>0x8001500</value>
      </symbol>
      <symbol id="sm-2">
         <name>__stop___llvm_prf_cnts</name>
         <value>0x8001500</value>
      </symbol>
      <symbol id="sm-3">
         <name>__TI_CINIT_Base</name>
         <value>0x25b8</value>
      </symbol>
      <symbol id="sm-4">
         <name>__TI_CINIT_Limit</name>
         <value>0x25c8</value>
      </symbol>
      <symbol id="sm-5">
         <name>__TI_Handler_Table_Base</name>
         <value>0x2598</value>
      </symbol>
      <symbol id="sm-6">
         <name>__TI_Handler_Table_Limit</name>
         <value>0x25a4</value>
      </symbol>
      <symbol id="sm-7">
         <name>binit</name>
         <value>0xffffffff</value>
      </symbol>
      <symbol id="sm-8">
         <name>__binit__</name>
         <value>0xffffffff</value>
      </symbol>
      <symbol id="sm-9">
         <name>__c_args__</name>
         <value>0xffffffff</value>
      </symbol>
      <symbol id="sm-a">
         <name>__TI_pprof_out_hndl</name>
         <value>0xffffffff</value>
      </symbol>
      <symbol id="sm-b">
         <name>__TI_prof_data_start</name>
         <value>0xffffffff</value>
      </symbol>
      <symbol id="sm-c">
         <name>__TI_prof_data_size</name>
         <value>0xffffffff</value>
      </symbol>
      <symbol id="sm-9d">
         <name>adcDisableNotification</name>
         <value>0x1478</value>
         <object_component_ref idref="oc-f5"/>
      </symbol>
      <symbol id="sm-9e">
         <name>adc1Group2Interrupt</name>
         <value>0x1ec4</value>
         <object_component_ref idref="oc-21"/>
      </symbol>
      <symbol id="sm-9f">
         <name>adc1Group0Interrupt</name>
         <value>0x1e2c</value>
         <object_component_ref idref="oc-21"/>
      </symbol>
      <symbol id="sm-a0">
         <name>adc2Group2Interrupt</name>
         <value>0x1fa8</value>
         <object_component_ref idref="oc-21"/>
      </symbol>
      <symbol id="sm-a1">
         <name>adc2Group0Interrupt</name>
         <value>0x1f10</value>
         <object_component_ref idref="oc-21"/>
      </symbol>
      <symbol id="sm-a2">
         <name>adcStopConversion</name>
         <value>0x1244</value>
         <object_component_ref idref="oc-f5"/>
      </symbol>
      <symbol id="sm-a3">
         <name>adc1Group1Interrupt</name>
         <value>0x1e78</value>
         <object_component_ref idref="oc-21"/>
      </symbol>
      <symbol id="sm-a4">
         <name>adc2Group1Interrupt</name>
         <value>0x1f5c</value>
         <object_component_ref idref="oc-21"/>
      </symbol>
      <symbol id="sm-a5">
         <name>adcInit</name>
         <value>0x10b8</value>
         <object_component_ref idref="oc-f5"/>
      </symbol>
      <symbol id="sm-a6">
         <name>adcIsFifoFull</name>
         <value>0x13c8</value>
         <object_component_ref idref="oc-f5"/>
      </symbol>
      <symbol id="sm-a7">
         <name>adcResetFiFo</name>
         <value>0x126c</value>
         <object_component_ref idref="oc-f5"/>
      </symbol>
      <symbol id="sm-a8">
         <name>adcGetData</name>
         <value>0x1294</value>
         <object_component_ref idref="oc-f5"/>
      </symbol>
      <symbol id="sm-a9">
         <name>adcIsConversionComplete</name>
         <value>0x13f8</value>
         <object_component_ref idref="oc-f5"/>
      </symbol>
      <symbol id="sm-aa">
         <name>adcStartConversion</name>
         <value>0x11c0</value>
         <object_component_ref idref="oc-f5"/>
      </symbol>
      <symbol id="sm-ab">
         <name>adcEnableNotification</name>
         <value>0x1428</value>
         <object_component_ref idref="oc-f5"/>
      </symbol>
      <symbol id="sm-c3">
         <name>esmHighInterrupt</name>
         <value>0x218c</value>
         <object_component_ref idref="oc-2a"/>
      </symbol>
      <symbol id="sm-db">
         <name>gioHighLevelInterrupt</name>
         <value>0x2014</value>
         <object_component_ref idref="oc-30"/>
      </symbol>
      <symbol id="sm-dc">
         <name>gioLowLevelInterrupt</name>
         <value>0x2074</value>
         <object_component_ref idref="oc-30"/>
      </symbol>
      <symbol id="sm-f8">
         <name>rtiNotification</name>
         <value>0x2360</value>
         <object_component_ref idref="oc-8e"/>
      </symbol>
      <symbol id="sm-f9">
         <name>esmGroup2Notification</name>
         <value>0x2350</value>
         <object_component_ref idref="oc-8e"/>
      </symbol>
      <symbol id="sm-fa">
         <name>esmGroup1Notification</name>
         <value>0x2340</value>
         <object_component_ref idref="oc-8e"/>
      </symbol>
      <symbol id="sm-fb">
         <name>gioNotification</name>
         <value>0x2384</value>
         <object_component_ref idref="oc-8e"/>
      </symbol>
      <symbol id="sm-fc">
         <name>adcNotification</name>
         <value>0x2370</value>
         <object_component_ref idref="oc-8e"/>
      </symbol>
      <symbol id="sm-10e">
         <name>rtiOverflow1Interrupt</name>
         <value>0x1bf0</value>
         <object_component_ref idref="oc-36"/>
      </symbol>
      <symbol id="sm-10f">
         <name>rtiOverflow5Interrupt</name>
         <value>0x1ba8</value>
         <object_component_ref idref="oc-36"/>
      </symbol>
      <symbol id="sm-110">
         <name>rtiCompare0Interrupt</name>
         <value>0x1a40</value>
         <object_component_ref idref="oc-36"/>
      </symbol>
      <symbol id="sm-111">
         <name>rtiCompare2Interrupt</name>
         <value>0x1ad0</value>
         <object_component_ref idref="oc-36"/>
      </symbol>
      <symbol id="sm-112">
         <name>rtiTimebaseInterrupt</name>
         <value>0x1b60</value>
         <object_component_ref idref="oc-36"/>
      </symbol>
      <symbol id="sm-113">
         <name>rtiCompare1Interrupt</name>
         <value>0x1a88</value>
         <object_component_ref idref="oc-36"/>
      </symbol>
      <symbol id="sm-114">
         <name>rtiCompare3Interrupt</name>
         <value>0x1b18</value>
         <object_component_ref idref="oc-36"/>
      </symbol>
      <symbol id="sm-1aa">
         <name>sciIsTxReady</name>
         <value>0x890</value>
         <object_component_ref idref="oc-ef"/>
      </symbol>
      <symbol id="sm-1ab">
         <name>sci2HighLevelInterrupt</name>
         <value>0x378</value>
         <object_component_ref idref="oc-3c"/>
      </symbol>
      <symbol id="sm-1ac">
         <name>sci2LowLevelInterrupt</name>
         <value>0x524</value>
         <object_component_ref idref="oc-3c"/>
      </symbol>
      <symbol id="sm-1ad">
         <name>sciIsRxReady</name>
         <value>0x9e8</value>
         <object_component_ref idref="oc-ef"/>
      </symbol>
      <symbol id="sm-1ae">
         <name>sciSetBaudrate</name>
         <value>0x814</value>
         <object_component_ref idref="oc-ef"/>
      </symbol>
      <symbol id="sm-1af">
         <name>sciInit</name>
         <value>0x720</value>
         <object_component_ref idref="oc-ef"/>
      </symbol>
      <symbol id="sm-1b0">
         <name>sciEnableNotification</name>
         <value>0xb38</value>
         <object_component_ref idref="oc-ef"/>
      </symbol>
      <symbol id="sm-1b1">
         <name>sciReceive</name>
         <value>0xa60</value>
         <object_component_ref idref="oc-ef"/>
      </symbol>
      <symbol id="sm-1b2">
         <name>sciSetFunctional</name>
         <value>0x7f4</value>
         <object_component_ref idref="oc-ef"/>
      </symbol>
      <symbol id="sm-1b3">
         <name>sci1LowLevelInterrupt</name>
         <value>0x1cc</value>
         <object_component_ref idref="oc-3c"/>
      </symbol>
      <symbol id="sm-1b4">
         <name>sciDisableNotification</name>
         <value>0xba0</value>
         <object_component_ref idref="oc-ef"/>
      </symbol>
      <symbol id="sm-1b5">
         <name>sciSend</name>
         <value>0x8dc</value>
         <object_component_ref idref="oc-ef"/>
      </symbol>
      <symbol id="sm-1b6">
         <name>sci1HighLevelInterrupt</name>
         <value>0x20</value>
         <object_component_ref idref="oc-3c"/>
      </symbol>
      <symbol id="sm-1b7">
         <name>sciRxError</name>
         <value>0xa04</value>
         <object_component_ref idref="oc-ef"/>
      </symbol>
      <symbol id="sm-1b8">
         <name>sciReceiveByte</name>
         <value>0xa34</value>
         <object_component_ref idref="oc-ef"/>
      </symbol>
      <symbol id="sm-1b9">
         <name>sciSendByte</name>
         <value>0x8ac</value>
         <object_component_ref idref="oc-ef"/>
      </symbol>
      <symbol id="sm-1ce">
         <name>_disable_IRQ_interrupt_</name>
         <value>0x17dc</value>
         <object_component_ref idref="oc-70"/>
      </symbol>
      <symbol id="sm-1cf">
         <name>_disable_interrupt_</name>
         <value>0x17cc</value>
         <object_component_ref idref="oc-70"/>
      </symbol>
      <symbol id="sm-1d0">
         <name>_coreGetInstructionFaultAddress_</name>
         <value>0x1778</value>
         <object_component_ref idref="oc-70"/>
      </symbol>
      <symbol id="sm-1d1">
         <name>_coreGetDataFault_</name>
         <value>0x1724</value>
         <object_component_ref idref="oc-70"/>
      </symbol>
      <symbol id="sm-1d2">
         <name>_coreDisableEventBusExport_</name>
         <value>0x1698</value>
         <object_component_ref idref="oc-70"/>
      </symbol>
      <symbol id="sm-1d3">
         <name>_coreClearDataFaultAddress_</name>
         <value>0x1764</value>
         <object_component_ref idref="oc-70"/>
      </symbol>
      <symbol id="sm-1d4">
         <name>_coreDisableFlashEcc_</name>
         <value>0x16f4</value>
         <object_component_ref idref="oc-70"/>
      </symbol>
      <symbol id="sm-1d5">
         <name>_coreInitRegisters_</name>
         <value>0x14f8</value>
         <object_component_ref idref="oc-70"/>
      </symbol>
      <symbol id="sm-1d6">
         <name>_coreClearInstructionFaultAddress_</name>
         <value>0x1780</value>
         <object_component_ref idref="oc-70"/>
      </symbol>
      <symbol id="sm-1d7">
         <name>_coreEnableRamEcc_</name>
         <value>0x16b0</value>
         <object_component_ref idref="oc-70"/>
      </symbol>
      <symbol id="sm-1d8">
         <name>_coreClearDataFault_</name>
         <value>0x172c</value>
         <object_component_ref idref="oc-70"/>
      </symbol>
      <symbol id="sm-1d9">
         <name>_coreGetAuxiliaryDataFault_</name>
         <value>0x1794</value>
         <object_component_ref idref="oc-70"/>
      </symbol>
      <symbol id="sm-1da">
         <name>_enable_interrupt_</name>
         <value>0x17e4</value>
         <object_component_ref idref="oc-70"/>
      </symbol>
      <symbol id="sm-1db">
         <name>_coreClearAuxiliaryInstructionFault_</name>
         <value>0x17b8</value>
         <object_component_ref idref="oc-70"/>
      </symbol>
      <symbol id="sm-1dc">
         <name>_coreDisableRamEcc_</name>
         <value>0x16c0</value>
         <object_component_ref idref="oc-70"/>
      </symbol>
      <symbol id="sm-1dd">
         <name>_coreGetDataFaultAddress_</name>
         <value>0x175c</value>
         <object_component_ref idref="oc-70"/>
      </symbol>
      <symbol id="sm-1de">
         <name>_coreClearInstructionFault_</name>
         <value>0x1748</value>
         <object_component_ref idref="oc-70"/>
      </symbol>
      <symbol id="sm-1df">
         <name>_getCPSRValue_</name>
         <value>0x1640</value>
         <object_component_ref idref="oc-70"/>
      </symbol>
      <symbol id="sm-1e0">
         <name>_coreEnableFlashEcc_</name>
         <value>0x16d8</value>
         <object_component_ref idref="oc-70"/>
      </symbol>
      <symbol id="sm-1e1">
         <name>_disable_FIQ_interrupt_</name>
         <value>0x17d4</value>
         <object_component_ref idref="oc-70"/>
      </symbol>
      <symbol id="sm-1e2">
         <name>_coreGetAuxiliaryInstructionFault_</name>
         <value>0x17b0</value>
         <object_component_ref idref="oc-70"/>
      </symbol>
      <symbol id="sm-1e3">
         <name>_coreInitStackPointer_</name>
         <value>0x15f4</value>
         <object_component_ref idref="oc-70"/>
      </symbol>
      <symbol id="sm-1e4">
         <name>_gotoCPUIdle_</name>
         <value>0x1648</value>
         <object_component_ref idref="oc-70"/>
      </symbol>
      <symbol id="sm-1e5">
         <name>_coreEnableIrqVicOffset_</name>
         <value>0x170c</value>
         <object_component_ref idref="oc-70"/>
      </symbol>
      <symbol id="sm-1e6">
         <name>_coreGetInstructionFault_</name>
         <value>0x1740</value>
         <object_component_ref idref="oc-70"/>
      </symbol>
      <symbol id="sm-1e7">
         <name>_coreEnableVfp_</name>
         <value>0x1660</value>
         <object_component_ref idref="oc-70"/>
      </symbol>
      <symbol id="sm-1e8">
         <name>_coreClearAuxiliaryDataFault_</name>
         <value>0x179c</value>
         <object_component_ref idref="oc-70"/>
      </symbol>
      <symbol id="sm-1e9">
         <name>_coreEnableEventBusExport_</name>
         <value>0x1680</value>
         <object_component_ref idref="oc-70"/>
      </symbol>
      <symbol id="sm-256">
         <name>adc_data</name>
         <value>0x8001518</value>
      </symbol>
      <symbol id="sm-257">
         <name>rcvdData</name>
         <value>0x8001534</value>
      </symbol>
      <symbol id="sm-258">
         <name>fTemperature</name>
         <value>0x800152c</value>
      </symbol>
      <symbol id="sm-259">
         <name>fLight</name>
         <value>0x8001528</value>
      </symbol>
      <symbol id="sm-25a">
         <name>temperature</name>
         <value>0x8001538</value>
      </symbol>
      <symbol id="sm-25b">
         <name>light</name>
         <value>0x8001530</value>
      </symbol>
      <symbol id="sm-25c">
         <name>request</name>
         <value>0x800153e</value>
      </symbol>
      <symbol id="sm-25d">
         <name>msgNum</name>
         <value>0x800153c</value>
      </symbol>
      <symbol id="sm-25e">
         <name>isMessageRcvd</name>
         <value>0x8001540</value>
      </symbol>
      <symbol id="sm-25f">
         <name>sciNotification</name>
         <value>0xca8</value>
         <object_component_ref idref="oc-81"/>
      </symbol>
      <symbol id="sm-260">
         <name>integerToArr</name>
         <value>0x1004</value>
         <object_component_ref idref="oc-81"/>
      </symbol>
      <symbol id="sm-261">
         <name>main</name>
         <value>0xc58</value>
         <object_component_ref idref="oc-81"/>
      </symbol>
      <symbol id="sm-262">
         <name>calcTemp</name>
         <value>0xe6c</value>
         <object_component_ref idref="oc-81"/>
      </symbol>
      <symbol id="sm-263">
         <name>updateSensorData</name>
         <value>0xefc</value>
         <object_component_ref idref="oc-81"/>
      </symbol>
      <symbol id="sm-264">
         <name>delayLoop</name>
         <value>0xd0c</value>
         <object_component_ref idref="oc-81"/>
      </symbol>
      <symbol id="sm-265">
         <name>checkForRequest</name>
         <value>0xd58</value>
         <object_component_ref idref="oc-81"/>
      </symbol>
      <symbol id="sm-272">
         <name>_memoryInit_</name>
         <value>0x23ec</value>
         <object_component_ref idref="oc-7b"/>
      </symbol>
      <symbol id="sm-27d">
         <name>phantomInterrupt</name>
         <value>0x2458</value>
         <object_component_ref idref="oc-47"/>
      </symbol>
      <symbol id="sm-2aa">
         <name>_c_int00</name>
         <value>0x20dc</value>
         <object_component_ref idref="oc-1b"/>
      </symbol>
      <symbol id="sm-2c7">
         <name>systemInit</name>
         <value>0x1c3c</value>
         <object_component_ref idref="oc-75"/>
      </symbol>
      <symbol id="sm-2c8">
         <name>systemPowerDown</name>
         <value>0x1db8</value>
         <object_component_ref idref="oc-75"/>
      </symbol>
      <symbol id="sm-2ff">
         <name>log</name>
         <value>0x17ed</value>
         <object_component_ref idref="oc-fb"/>
      </symbol>
      <symbol id="sm-300">
         <name>logl</name>
         <value>0x17ed</value>
         <object_component_ref idref="oc-fb"/>
      </symbol>
      <symbol id="sm-31b">
         <name>memcpy</name>
         <value>0x2239</value>
         <object_component_ref idref="oc-58"/>
      </symbol>
      <symbol id="sm-31c">
         <name>__aeabi_memcpy</name>
         <value>0x2239</value>
         <object_component_ref idref="oc-58"/>
      </symbol>
      <symbol id="sm-31d">
         <name>__aeabi_memcpy8</name>
         <value>0x2239</value>
         <object_component_ref idref="oc-58"/>
      </symbol>
      <symbol id="sm-31e">
         <name>__aeabi_memcpy4</name>
         <value>0x2239</value>
         <object_component_ref idref="oc-58"/>
      </symbol>
      <symbol id="sm-346">
         <name>__TI_auto_init_nobinit_nopinit</name>
         <value>0x23a9</value>
         <object_component_ref idref="oc-bf"/>
      </symbol>
      <symbol id="sm-35b">
         <name>__TI_zero_init_nomemset</name>
         <value>0x2421</value>
         <object_component_ref idref="oc-64"/>
      </symbol>
      <symbol id="sm-372">
         <name>__TI_decompress_none</name>
         <value>0x243d</value>
         <object_component_ref idref="oc-14"/>
      </symbol>
      <symbol id="sm-395">
         <name>__TI_decompress_lzss</name>
         <value>0x22d5</value>
         <object_component_ref idref="oc-e"/>
      </symbol>
      <symbol id="sm-3a0">
         <name>C$$EXIT</name>
         <value>0x2455</value>
         <object_component_ref idref="oc-11a"/>
      </symbol>
      <symbol id="sm-3a1">
         <name>abort</name>
         <value>0x2455</value>
         <object_component_ref idref="oc-11a"/>
      </symbol>
      <symbol id="sm-3b8">
         <name>__aeabi_errno_addr</name>
         <value>0x244d</value>
         <object_component_ref idref="oc-181"/>
      </symbol>
      <symbol id="sm-3b9">
         <name>errno</name>
         <value>0x8001544</value>
         <object_component_ref idref="oc-1e2"/>
      </symbol>
      <symbol id="sm-3bb">
         <name>__TI_static_base__</name>
         <value>0x0</value>
      </symbol>
      <symbol id="sm-3be">
         <name>_system_post_cinit</name>
         <value>0x0</value>
      </symbol>
   </symbol_table>
   <title>Link successful</title>
</link_info>
